// Jest Snapshot v1, https://goo.gl/fbAQLP

exports[`constants should be defined 1`] = `
Object {
  "DIR_CREATE_HTML": "/../../app/views/create/create.html",
  "DIR_MAIN_HTML": "/app/views/index/index.html",
  "DIR_MODIFY_HTML": "/../../app/views/modify/modify.html",
  "NAME_DB_NOTES": "notes",
  "SHORCUT_CONSOLE_IOS": "Command+Alt+I",
  "SHORCUT_CONSOLE_WN": "Ctrl+Shift+I",
  "SHORCUT_QUIT_IOS": "Command+Alt+Q",
  "SHORCUT_QUIT_WN": "Ctrl+Shift+Q",
}
`;
